#-----------------------------------------------------------
# Vivado v2021.1.1 (64-bit)
# SW Build 3286242 on Wed Jul 28 13:10:47 MDT 2021
# IP Build 3279568 on Wed Jul 28 16:48:48 MDT 2021
# Start of session at: Fri Oct 22 11:09:31 2021
# Process ID: 11572
# Current directory: C:/Scanway/Vivado/ScanEye_trigger
# Command line: vivado.exe -gui_launcher_event rodinguilauncherevent13648 C:\Scanway\Vivado\ScanEye_trigger\ScanEye_trigger.xpr
# Log file: C:/Scanway/Vivado/ScanEye_trigger/vivado.log
# Journal file: C:/Scanway/Vivado/ScanEye_trigger\vivado.jou
#-----------------------------------------------------------
start_gui
open_project C:/Scanway/Vivado/ScanEye_trigger/ScanEye_trigger.xpr
update_compile_order -fileset sources_1
open_bd_design {C:/Scanway/Vivado/ScanEye_trigger/ScanEye_trigger.srcs/sources_1/bd/scaneye_trigger/scaneye_trigger.bd}
ipx::edit_ip_in_project -upgrade true -name XCMV_v1_0_project -directory C:/Scanway/Vivado/ScanEye_trigger/ScanEye_trigger.tmp/XCMV_v1_0_project c:/Scanway/Vivado/ip_repo/XCMV_1.0/component.xml
update_compile_order -fileset sources_1
set_property supported_families {zynq Pre-Production zynquplus Beta} [ipx::current_core]
set_property supported_families {zynq Pre-Production zynquplus Pre-Production} [ipx::current_core]
set_property core_revision 18 [ipx::current_core]
ipx::update_source_project_archive -component [ipx::current_core]
ipx::create_xgui_files [ipx::current_core]
ipx::update_checksums [ipx::current_core]
ipx::check_integrity [ipx::current_core]
ipx::save_core [ipx::current_core]
ipx::move_temp_component_back -component [ipx::current_core]
close_project -delete
update_ip_catalog -rebuild -repo_path c:/Scanway/Vivado/ip_repo/XCMV_1.0
report_ip_status -name ip_status 
upgrade_ip -vlnv xilinx.com:user:XCMV:1.0 [get_ips  scaneye_trigger_XCMV_0_4] -log ip_upgrade.log
export_ip_user_files -of_objects [get_ips scaneye_trigger_XCMV_0_4] -no_script -sync -force -quiet
generate_target all [get_files  C:/Scanway/Vivado/ScanEye_trigger/ScanEye_trigger.srcs/sources_1/bd/scaneye_trigger/scaneye_trigger.bd]
catch { config_ip_cache -export [get_ips -all scaneye_trigger_XCMV_0_4] }
catch { config_ip_cache -export [get_ips -all scaneye_trigger_auto_pc_0] }
export_ip_user_files -of_objects [get_files C:/Scanway/Vivado/ScanEye_trigger/ScanEye_trigger.srcs/sources_1/bd/scaneye_trigger/scaneye_trigger.bd] -no_script -sync -force -quiet
create_ip_run [get_files -of_objects [get_fileset sources_1] C:/Scanway/Vivado/ScanEye_trigger/ScanEye_trigger.srcs/sources_1/bd/scaneye_trigger/scaneye_trigger.bd]
launch_runs scaneye_trigger_XCMV_0_4_synth_1 -jobs 6
wait_on_run scaneye_trigger_XCMV_0_4_synth_1
export_simulation -of_objects [get_files C:/Scanway/Vivado/ScanEye_trigger/ScanEye_trigger.srcs/sources_1/bd/scaneye_trigger/scaneye_trigger.bd] -directory C:/Scanway/Vivado/ScanEye_trigger/ScanEye_trigger.ip_user_files/sim_scripts -ip_user_files_dir C:/Scanway/Vivado/ScanEye_trigger/ScanEye_trigger.ip_user_files -ipstatic_source_dir C:/Scanway/Vivado/ScanEye_trigger/ScanEye_trigger.ip_user_files/ipstatic -lib_map_path [list {modelsim=C:/Scanway/Vivado/ScanEye_trigger/ScanEye_trigger.cache/compile_simlib/modelsim} {questa=C:/Scanway/Vivado/ScanEye_trigger/ScanEye_trigger.cache/compile_simlib/questa} {riviera=C:/Scanway/Vivado/ScanEye_trigger/ScanEye_trigger.cache/compile_simlib/riviera} {activehdl=C:/Scanway/Vivado/ScanEye_trigger/ScanEye_trigger.cache/compile_simlib/activehdl}] -use_ip_compiled_libs -force -quiet
report_ip_status -name ip_status 
