15:54:01 **** Incremental Build of configuration Debug for project EagleEye_FreeRTOS ****
make all 
make --no-print-directory pre-build
a9-linaro-pre-build-step
' '
make --no-print-directory main-build
'Building file: ../src/main.c'
'Invoking: ARM v7 gcc compiler'
arm-none-eabi-gcc -Wall -O0 -g3 -c -fmessage-length=0 -MT"src/main.o" -mcpu=cortex-a9 -mfpu=vfpv3 -mfloat-abi=hard -IC:/Scanway/Vivado/ScanEye_trigger/workspace/scaneye_trigger_wrapper_SPI/export/scaneye_trigger_wrapper_SPI/sw/scaneye_trigger_wrapper_SPI/freertos10_xilinx_ps7_cortexa9_0/bspinclude/include -MMD -MP -MF"src/main.d" -MT"src/main.o" -o "src/main.o" "../src/main.c"
../src/main.c: In function 'vTaskHousekeeping':
../src/main.c:143:13: warning: variable 'xStatus' set but not used [-Wunused-but-set-variable]
  143 |  BaseType_t xStatus;
      |             ^~~~~~~
../src/main.c: In function 'vTaskCommunication':
../src/main.c:220:7: warning: unused variable 'work' [-Wunused-variable]
  220 |  UINT work[FF_MAX_SS];
      |       ^~~~
../src/main.c:219:9: warning: unused variable 'Path' [-Wunused-variable]
  219 |  TCHAR *Path = "0:/";
      |         ^~~~
../src/main.c:217:14: warning: unused variable 'FileName' [-Wunused-variable]
  217 |  static char FileName[32] = "pom.txt";
      |              ^~~~~~~~
../src/main.c:216:8: warning: unused variable 'fatfs' [-Wunused-variable]
  216 |  FATFS fatfs;
      |        ^~~~~
../src/main.c:215:6: warning: unused variable 'fil' [-Wunused-variable]
  215 |  FIL fil;
      |      ^~~
../src/main.c:214:10: warning: unused variable 'Res' [-Wunused-variable]
  214 |  FRESULT Res;
      |          ^~~
At top level:
../src/main.c:217:14: warning: 'FileName' defined but not used [-Wunused-variable]
  217 |  static char FileName[32] = "pom.txt";
      |              ^~~~~~~~
../src/main.c:335:13: warning: 'vTaskCmvTest' defined but not used [-Wunused-function]
  335 | static void vTaskCmvTest(void *p)
      |             ^~~~~~~~~~~~
'Finished building: ../src/main.c'
' '
'Building target: EagleEye_FreeRTOS.elf'
'Invoking: ARM v7 gcc linker'
arm-none-eabi-gcc -mcpu=cortex-a9 -mfpu=vfpv3 -mfloat-abi=hard -Wl,-build-id=none -specs=Xilinx.spec -Wl,-T -Wl,../src/lscript.ld -LC:/Scanway/Vivado/ScanEye_trigger/workspace/scaneye_trigger_wrapper_SPI/export/scaneye_trigger_wrapper_SPI/sw/scaneye_trigger_wrapper_SPI/freertos10_xilinx_ps7_cortexa9_0/bsplib/lib -o "EagleEye_FreeRTOS.elf"  ./src/devices/SPI_access.o ./src/devices/XCMV.o ./src/devices/XCMV_selftest.o ./src/devices/trigger_cmv_access.o ./src/devices/xcmv_g.o ./src/devices/xcmv_sinit.o ./src/devices/xcmv_tests.o  ./src/main.o   -Wl,--start-group,-lxil,-lfreertos,-lgcc,-lc,--end-group -Wl,--start-group,-lxilffs,-lxil,-lgcc,-lc,--end-group
'Finished building target: EagleEye_FreeRTOS.elf'
' '
'Invoking: ARM v7 Print Size'
arm-none-eabi-size EagleEye_FreeRTOS.elf  |tee "EagleEye_FreeRTOS.elf.size"
   text	   data	    bss	    dec	    hex	filename
 100768	   3412	  89040	 193220	  2f2c4	EagleEye_FreeRTOS.elf
'Finished building: EagleEye_FreeRTOS.elf.size'
' '

15:54:01 Build Finished (took 896ms)

