Nothing to build in platform 'scaneye_trigger_wrapper_STAR_VIBE_1'

16:41:33 **** Incremental Build of configuration Debug for project STAR_VIBE2 ****
make all 
make --no-print-directory pre-build
a9-linaro-pre-build-step
' '
make --no-print-directory main-build
'Building file: ../src/cmvsoft.c'
'Invoking: ARM v7 gcc compiler'
arm-none-eabi-gcc -Wall -O0 -g3 -c -fmessage-length=0 -MT"src/cmvsoft.o" -mcpu=cortex-a9 -mfpu=vfpv3 -mfloat-abi=hard -IC:/Scanway/Vivado/ScanEye_trigger/workspace/scaneye_trigger_wrapper_STAR_VIBE_1/export/scaneye_trigger_wrapper_STAR_VIBE_1/sw/scaneye_trigger_wrapper_STAR_VIBE_1/freertos10_xilinx_ps7_cortexa9_0/bspinclude/include -MMD -MP -MF"src/cmvsoft.d" -MT"src/cmvsoft.o" -o "src/cmvsoft.o" "../src/cmvsoft.c"
In file included from ../src/cmvsoft.c:7:
../src/devices/TIMER_access.h:16: warning: "ZYBO_Z7_PLATFORM" redefined
   16 | #define ZYBO_Z7_PLATFORM 2
      | 
In file included from ../src/cmvsoft.c:5:
../src/devices/gpio_access.h:9: note: this is the location of the previous definition
    9 | #define ZYBO_Z7_PLATFORM 1
      | 
'Finished building: ../src/cmvsoft.c'
' '
'Building file: ../src/main.c'
'Invoking: ARM v7 gcc compiler'
arm-none-eabi-gcc -Wall -O0 -g3 -c -fmessage-length=0 -MT"src/main.o" -mcpu=cortex-a9 -mfpu=vfpv3 -mfloat-abi=hard -IC:/Scanway/Vivado/ScanEye_trigger/workspace/scaneye_trigger_wrapper_STAR_VIBE_1/export/scaneye_trigger_wrapper_STAR_VIBE_1/sw/scaneye_trigger_wrapper_STAR_VIBE_1/freertos10_xilinx_ps7_cortexa9_0/bspinclude/include -MMD -MP -MF"src/main.d" -MT"src/main.o" -o "src/main.o" "../src/main.c"
In file included from ../src/main.c:29:
../src/devices/spi_access.h:11: warning: "ZYBO_Z7_PLATFORM" redefined
   11 | #define ZYBO_Z7_PLATFORM 2
      | 
In file included from ../src/main.c:28:
../src/devices/GPIO_access.h:9: note: this is the location of the previous definition
    9 | #define ZYBO_Z7_PLATFORM 1
      | 
In file included from ../src/main.c:29:
../src/devices/spi_access.h:14: warning: "INTC_DEVICE_ID" redefined
   14 | #define INTC_DEVICE_ID  XPAR_SCUGIC_0_DEVICE_ID
      | 
In file included from ../src/main.c:28:
../src/devices/GPIO_access.h:12: note: this is the location of the previous definition
   12 | #define INTC_DEVICE_ID   XPAR_PS7_SCUGIC_0_DEVICE_ID
      | 
In file included from ../src/main.c:33:
../src/devices/TIMER_access.h:20: warning: "INTC_DEVICE_ID" redefined
   20 | #define INTC_DEVICE_ID   XPAR_PS7_SCUGIC_0_DEVICE_ID
      | 
In file included from ../src/main.c:31:
../src/devices/trigger_cmv_access.h:13: note: this is the location of the previous definition
   13 | #define INTC_DEVICE_ID    XPAR_SCUGIC_0_DEVICE_ID
      | 
../src/main.c: In function 'vTaskInitialize':
../src/main.c:173:11: warning: implicit declaration of function 'init_spi_cmv12000' [-Wimplicit-function-declaration]
  173 |  Status = init_spi_cmv12000();
      |           ^~~~~~~~~~~~~~~~~
../src/main.c: In function 'vTaskUserInterface':
../src/main.c:257:5: warning: implicit declaration of function 'scanf' [-Wimplicit-function-declaration]
  257 |     scanf(" %c",&submain);
      |     ^~~~~
../src/main.c:257:5: warning: incompatible implicit declaration of built-in function 'scanf'
../src/main.c:37:1: note: include '<stdio.h>' or provide a declaration of 'scanf'
   36 | #include "cmvsoft.h"
  +++ |+#include <stdio.h>
   37 | 
../src/main.c:318:16: warning: format '%d' expects argument of type 'int *', but argument 2 has type 'u32 *' {aka 'long unsigned int *'} [-Wformat=]
  318 |       scanf(" %d",&cmvConfigPtr->ExposureTimeTexp1Us);
      |               ~^  ~~~~~~~~~~~~~~~~~~~~~~~~~~~~~~~~~~
      |                |  |
      |                |  u32 * {aka long unsigned int *}
      |                int *
      |               %ld
../src/main.c:325:16: warning: format '%d' expects argument of type 'int *', but argument 2 has type 'u32 *' {aka 'long unsigned int *'} [-Wformat=]
  325 |       scanf(" %d",&cmvConfigPtr->ExposureTimeTexp2Us);
      |               ~^  ~~~~~~~~~~~~~~~~~~~~~~~~~~~~~~~~~~
      |                |  |
      |                |  u32 * {aka long unsigned int *}
      |                int *
      |               %ld
../src/main.c:333:16: warning: format '%d' expects argument of type 'int *', but argument 2 has type 'u32 *' {aka 'long unsigned int *'} [-Wformat=]
  333 |       scanf(" %d",&cmvConfigPtr->NumberOfFrame);
      |               ~^  ~~~~~~~~~~~~~~~~~~~~~~~~~~~~
      |                |  |
      |                |  u32 * {aka long unsigned int *}
      |                int *
      |               %ld
../src/main.c:411:5: warning: incompatible implicit declaration of built-in function 'scanf'
  411 |     scanf(" %c",&submain);
      |     ^~~~~
../src/main.c:411:5: note: include '<stdio.h>' or provide a declaration of 'scanf'
../src/main.c:230:13: warning: unused variable 'Status' [-Wunused-variable]
  230 |  BaseType_t Status;
      |             ^~~~~~
../src/main.c: In function 'vTaskHousekeeping':
../src/main.c:440:6: warning: unused variable 'channel' [-Wunused-variable]
  440 |  u32 channel;
      |      ^~~~~~~
../src/main.c:439:16: warning: unused variable 'thousands' [-Wunused-variable]
  439 |  u32 whole[4], thousands[4];
      |                ^~~~~~~~~
../src/main.c:439:6: warning: unused variable 'whole' [-Wunused-variable]
  439 |  u32 whole[4], thousands[4];
      |      ^~~~~
../src/main.c:434:13: warning: variable 'xStatus' set but not used [-Wunused-but-set-variable]
  434 |  BaseType_t xStatus;
      |             ^~~~~~~
../src/main.c: In function 'vTaskCommunication':
../src/main.c:493:7: warning: unused variable 'work' [-Wunused-variable]
  493 |  UINT work[FF_MAX_SS];
      |       ^~~~
../src/main.c:492:9: warning: unused variable 'Path' [-Wunused-variable]
  492 |  TCHAR *Path = "0:/";
      |         ^~~~
../src/main.c:490:14: warning: unused variable 'FileName' [-Wunused-variable]
  490 |  static char FileName[32] = "pom.txt";
      |              ^~~~~~~~
../src/main.c:489:8: warning: unused variable 'fatfs' [-Wunused-variable]
  489 |  FATFS fatfs;
      |        ^~~~~
../src/main.c:488:6: warning: unused variable 'fil' [-Wunused-variable]
  488 |  FIL fil;
      |      ^~~
../src/main.c:487:10: warning: unused variable 'Res' [-Wunused-variable]
  487 |  FRESULT Res;
      |          ^~~
../src/main.c: In function 'vTaskCmvSoftTrigger':
../src/main.c:611:13: warning: unused variable 'Status' [-Wunused-variable]
  611 |  BaseType_t Status;
      |             ^~~~~~
At top level:
../src/main.c:490:14: warning: 'FileName' defined but not used [-Wunused-variable]
  490 |  static char FileName[32] = "pom.txt";
      |              ^~~~~~~~
../src/main.c:971:13: warning: 'vTaskCmvTest' defined but not used [-Wunused-function]
  971 | static void vTaskCmvTest(void *p)
      |             ^~~~~~~~~~~~
../src/main.c:483:13: warning: 'vTaskCommunication' defined but not used [-Wunused-function]
  483 | static void vTaskCommunication(void *p)
      |             ^~~~~~~~~~~~~~~~~~
../src/main.c:431:13: warning: 'vTaskHousekeeping' defined but not used [-Wunused-function]
  431 | static void vTaskHousekeeping(void *p)
      |             ^~~~~~~~~~~~~~~~~
'Finished building: ../src/main.c'
' '
'Building file: ../src/userinterface.c'
'Invoking: ARM v7 gcc compiler'
arm-none-eabi-gcc -Wall -O0 -g3 -c -fmessage-length=0 -MT"src/userinterface.o" -mcpu=cortex-a9 -mfpu=vfpv3 -mfloat-abi=hard -IC:/Scanway/Vivado/ScanEye_trigger/workspace/scaneye_trigger_wrapper_STAR_VIBE_1/export/scaneye_trigger_wrapper_STAR_VIBE_1/sw/scaneye_trigger_wrapper_STAR_VIBE_1/freertos10_xilinx_ps7_cortexa9_0/bspinclude/include -MMD -MP -MF"src/userinterface.d" -MT"src/userinterface.o" -o "src/userinterface.o" "../src/userinterface.c"
../src/userinterface.c: In function 'interfaceMain':
../src/userinterface.c:20:2: warning: implicit declaration of function 'scanf' [-Wimplicit-function-declaration]
   20 |  scanf(" %c",&value);
      |  ^~~~~
../src/userinterface.c:20:2: warning: incompatible implicit declaration of built-in function 'scanf'
../src/userinterface.c:5:1: note: include '<stdio.h>' or provide a declaration of 'scanf'
    4 | #include "cmvsoft.h"
  +++ |+#include <stdio.h>
    5 | 
../src/userinterface.c: In function 'interfaceCmv12000':
../src/userinterface.c:35:2: warning: incompatible implicit declaration of built-in function 'scanf'
   35 |  scanf(" %c",&value);
      |  ^~~~~
../src/userinterface.c:35:2: note: include '<stdio.h>' or provide a declaration of 'scanf'
../src/userinterface.c: In function 'interfaceHousekeeping':
../src/userinterface.c:52:2: warning: incompatible implicit declaration of built-in function 'scanf'
   52 |  scanf(" %c",&value);
      |  ^~~~~
../src/userinterface.c:52:2: note: include '<stdio.h>' or provide a declaration of 'scanf'
In file included from ../src/userinterface.c:2:
../src/userinterface.c: At top level:
../src/userinterface.h:6:13: warning: 'vTaskUserInterface' declared 'static' but never defined [-Wunused-function]
    6 | static void vTaskUserInterface(void *p);
      |             ^~~~~~~~~~~~~~~~~~
'Finished building: ../src/userinterface.c'
' '
'Building target: STAR_VIBE2.elf'
'Invoking: ARM v7 gcc linker'
arm-none-eabi-gcc -mcpu=cortex-a9 -mfpu=vfpv3 -mfloat-abi=hard -Wl,-build-id=none -specs=Xilinx.spec -Wl,-T -Wl,../src/lscript.ld -LC:/Scanway/Vivado/ScanEye_trigger/workspace/scaneye_trigger_wrapper_STAR_VIBE_1/export/scaneye_trigger_wrapper_STAR_VIBE_1/sw/scaneye_trigger_wrapper_STAR_VIBE_1/freertos10_xilinx_ps7_cortexa9_0/bsplib/lib -o "STAR_VIBE2.elf"  ./src/devices/GPIO_access.o ./src/devices/SPI_access.o ./src/devices/TIMER_access.o ./src/devices/XCMV.o ./src/devices/XCMV_selftest.o ./src/devices/clkwiz_access.o ./src/devices/spi_cmv12000.o ./src/devices/trigger_cmv_access.o ./src/devices/uartps_access.o ./src/devices/xcmv_g.o ./src/devices/xcmv_sinit.o ./src/devices/xcmv_tests.o  ./src/cmvsoft.o ./src/main.o ./src/platform.o ./src/userinterface.o   -Wl,--start-group,-lxil,-lfreertos,-lgcc,-lc,--end-group -Wl,--start-group,-lxilffs,-lxil,-lgcc,-lc,--end-group
'Finished building target: STAR_VIBE2.elf'
' '
'Invoking: ARM v7 Print Size'
arm-none-eabi-size STAR_VIBE2.elf  |tee "STAR_VIBE2.elf.size"
   text	   data	    bss	    dec	    hex	filename
 141608	   3568	  89920	 235096	  39658	STAR_VIBE2.elf
'Finished building: STAR_VIBE2.elf.size'
' '
