10:50:04 **** Incremental Build of configuration Debug for project spi_test ****
make all 
make --no-print-directory pre-build
a9-linaro-pre-build-step
' '
make --no-print-directory main-build
'Building file: ../src/helloworld.c'
'Invoking: ARM v7 gcc compiler'
arm-none-eabi-gcc -Wall -O0 -g3 -c -fmessage-length=0 -MT"src/helloworld.o" -mcpu=cortex-a9 -mfpu=vfpv3 -mfloat-abi=hard -IC:/Scanway/Vivado/ScanEye_trigger/workspace/scaneye_trigger_wrapper_30/export/scaneye_trigger_wrapper_30/sw/scaneye_trigger_wrapper_30/standalone_ps7_cortexa9_0/bspinclude/include -MMD -MP -MF"src/helloworld.d" -MT"src/helloworld.o" -o "src/helloworld.o" "../src/helloworld.c"
../src/helloworld.c: In function 'main':
../src/helloworld.c:123:56: warning: passing argument 3 of 'adcTransfer' makes integer from pointer without a cast [-Wint-conversion]
  123 |      Status = adcTransfer(&SpiInstance, &GpioInstance, (u16 *)ptrWrite, (u16 *)ptrRead,2 ,  SPI_SELECT1);
      |                                                        ^~~~~~~~~~~~~~~
      |                                                        |
      |                                                        u16 * {aka short unsigned int *}
In file included from ../src/helloworld.c:52:
../src/SPI_access.h:34:63: note: expected 'u8' {aka 'unsigned char'} but argument is of type 'u16 *' {aka 'short unsigned int *'}
   34 | int adcTransfer(XSpi *InstancePtr, XGpio *GpioInstancePtr, u8 channel, u16 *rBuffer,  u32 ByteToTransfer,  int SlaveSelect);
      |                                                            ~~~^~~~~~~
'Finished building: ../src/helloworld.c'
' '
'Building target: spi_test.elf'
'Invoking: ARM v7 gcc linker'
arm-none-eabi-gcc -mcpu=cortex-a9 -mfpu=vfpv3 -mfloat-abi=hard -Wl,-build-id=none -specs=Xilinx.spec -Wl,-T -Wl,../src/lscript.ld -LC:/Scanway/Vivado/ScanEye_trigger/workspace/scaneye_trigger_wrapper_30/export/scaneye_trigger_wrapper_30/sw/scaneye_trigger_wrapper_30/standalone_ps7_cortexa9_0/bsplib/lib -o "spi_test.elf"  ./src/GPIO_access.o ./src/SPI_access.o ./src/helloworld.o ./src/platform.o   -Wl,--start-group,-lxil,-lgcc,-lc,--end-group
'Finished building target: spi_test.elf'
' '
'Invoking: ARM v7 Print Size'
arm-none-eabi-size spi_test.elf  |tee "spi_test.elf.size"
   text	   data	    bss	    dec	    hex	filename
  35906	   1968	  22808	  60682	   ed0a	spi_test.elf
'Finished building: spi_test.elf.size'
' '

10:50:04 Build Finished (took 842ms)

